// Vitest Snapshot v1

exports[`(components) organisms/contact-section > take snap shot 1`] = `
<div>
  <section
    aria-label="お問い合わせ"
    class="css-wkpw2c"
  >
    <h1
      class="css-1461gzd-ContactSection"
    >
      Contact us
    </h1>
    <p
      class="css-25tbau-ContactSection"
    >
      第57回鈴鹿高専祭に関するお問い合わせは下のボタンからお願いいたします。(google formsが開きます)
    </p>
    <a
      class="css-jabq07-Button"
      href="#"
      rel="noopener noreferrer"
      role="button"
      tabindex="0"
      target="_blank"
    >
      <p
        class="css-7bzdgk-Button"
      >
        お問い合わせ
      </p>
    </a>
  </section>
</div>
`;
