// Jest Snapshot v1, https://goo.gl/fbAQLP

exports[`(components) atoms/text take snap shot 1`] = `
<div>
  <p
    class="twin-w53v7j-Text epv4mo00"
  >
    This is test
  </p>
</div>
`;
