// Vitest Snapshot v1

exports[`(components) templates/bazaar > take snap shot 1`] = `
<div>
  <main
    aria-label="Bazaar page"
    class="css-10jk6q1"
  >
    <div
      class="css-79elbk"
    >
      <img
        alt="ink"
        class="css-mhf7w5-Title"
        height="580"
        loading="eager"
        src="/statics/Ink3_green.webp"
        width="592"
      />
      <h1
        class="css-1ueto1"
      >
        Bazaar
      </h1>
    </div>
    <div
      class="css-wkpw2c"
    >
      <div
        class="css-1qq4q19"
      >
        <button
          class="css-1w2nvi1-SwitchingButton"
          tabindex="0"
        >
          <p
            class="css-1bpm81q-SwitchingButton"
          >
            飲食団体
          </p>
        </button>
        <button
          class="css-1w2nvi1-SwitchingButton"
          tabindex="0"
        >
          <p
            class="css-1bpm81q-SwitchingButton"
          >
            レク・展示団体
          </p>
        </button>
      </div>
      <ul
        class="css-5z47ei"
      >
        <li
          class="css-4chdo6"
        >
          <img
            alt="バザーに関するイメージ画像"
            class="css-61q9gc-BazaarCard"
            height="300"
            loading="lazy"
            src="https://panproduct.com/blog/wp-content/uploads/2021/07/32.png"
            width="450"
          />
          <div
            class="css-z0erpm"
          >
            <div
              class="css-1q8fkzn"
            >
              <p
                class="css-jprqak"
              >
                美術部
              </p>
            </div>
            <h2
              class="css-hh2gwj"
            >
              A.作品展示
            </h2>
            <p
              class="css-vaqku0-BazaarCard"
            >
              美術部員が描き溜めてきた作品たちを展示します。ぜひ見に来てね！
            </p>
            <ul
              class="css-luxo22"
            >
              <li>
                <p
                  class="css-4gn9jk"
                >
                  無料
                </p>
              </li>
            </ul>
          </div>
        </li>
        <li
          class="css-4chdo6"
        >
          <img
            alt="バザーに関するイメージ画像"
            class="css-61q9gc-BazaarCard"
            height="300"
            loading="lazy"
            src="https://panproduct.com/blog/wp-content/uploads/2021/07/32.png"
            width="450"
          />
          <div
            class="css-z0erpm"
          >
            <div
              class="css-1q8fkzn"
            >
              <p
                class="css-jprqak"
              >
                美術部
              </p>
            </div>
            <h2
              class="css-hh2gwj"
            >
              A.作品展示
            </h2>
            <p
              class="css-vaqku0-BazaarCard"
            >
              美術部員が描き溜めてきた作品たちを展示します。ぜひ見に来てね！
            </p>
            <ul
              class="css-luxo22"
            >
              <li>
                <p
                  class="css-4gn9jk"
                >
                  無料
                </p>
              </li>
            </ul>
          </div>
        </li>
        <li
          class="css-4chdo6"
        >
          <img
            alt="バザーに関するイメージ画像"
            class="css-61q9gc-BazaarCard"
            height="300"
            loading="lazy"
            src="https://panproduct.com/blog/wp-content/uploads/2021/07/32.png"
            width="450"
          />
          <div
            class="css-z0erpm"
          >
            <div
              class="css-1q8fkzn"
            >
              <p
                class="css-jprqak"
              >
                美術部
              </p>
            </div>
            <h2
              class="css-hh2gwj"
            >
              A.作品展示
            </h2>
            <p
              class="css-vaqku0-BazaarCard"
            >
              美術部員が描き溜めてきた作品たちを展示します。ぜひ見に来てね！
            </p>
            <ul
              class="css-luxo22"
            >
              <li>
                <p
                  class="css-4gn9jk"
                >
                  無料
                </p>
              </li>
            </ul>
          </div>
        </li>
        <li
          class="css-4chdo6"
        >
          <img
            alt="バザーに関するイメージ画像"
            class="css-61q9gc-BazaarCard"
            height="300"
            loading="lazy"
            src="https://panproduct.com/blog/wp-content/uploads/2021/07/32.png"
            width="450"
          />
          <div
            class="css-z0erpm"
          >
            <div
              class="css-1q8fkzn"
            >
              <p
                class="css-jprqak"
              >
                美術部
              </p>
            </div>
            <h2
              class="css-hh2gwj"
            >
              A.作品展示
            </h2>
            <p
              class="css-vaqku0-BazaarCard"
            >
              美術部員が描き溜めてきた作品たちを展示します。ぜひ見に来てね！
            </p>
            <ul
              class="css-luxo22"
            >
              <li>
                <p
                  class="css-4gn9jk"
                >
                  無料
                </p>
              </li>
            </ul>
          </div>
        </li>
        <li
          class="css-4chdo6"
        >
          <img
            alt="バザーに関するイメージ画像"
            class="css-61q9gc-BazaarCard"
            height="300"
            loading="lazy"
            src="https://panproduct.com/blog/wp-content/uploads/2021/07/32.png"
            width="450"
          />
          <div
            class="css-z0erpm"
          >
            <div
              class="css-1q8fkzn"
            >
              <p
                class="css-jprqak"
              >
                美術部
              </p>
            </div>
            <h2
              class="css-hh2gwj"
            >
              A.作品展示
            </h2>
            <p
              class="css-vaqku0-BazaarCard"
            >
              美術部員が描き溜めてきた作品たちを展示します。ぜひ見に来てね！
            </p>
            <ul
              class="css-luxo22"
            >
              <li>
                <p
                  class="css-4gn9jk"
                >
                  無料
                </p>
              </li>
            </ul>
          </div>
        </li>
        <li
          class="css-4chdo6"
        >
          <img
            alt="バザーに関するイメージ画像"
            class="css-61q9gc-BazaarCard"
            height="300"
            loading="lazy"
            src="https://panproduct.com/blog/wp-content/uploads/2021/07/32.png"
            width="450"
          />
          <div
            class="css-z0erpm"
          >
            <div
              class="css-1q8fkzn"
            >
              <p
                class="css-jprqak"
              >
                美術部
              </p>
            </div>
            <h2
              class="css-hh2gwj"
            >
              A.作品展示
            </h2>
            <p
              class="css-vaqku0-BazaarCard"
            >
              美術部員が描き溜めてきた作品たちを展示します。ぜひ見に来てね！
            </p>
            <ul
              class="css-luxo22"
            >
              <li>
                <p
                  class="css-4gn9jk"
                >
                  無料
                </p>
              </li>
            </ul>
          </div>
        </li>
        <li
          class="css-4chdo6"
        >
          <img
            alt="バザーに関するイメージ画像"
            class="css-61q9gc-BazaarCard"
            height="300"
            loading="lazy"
            src="https://panproduct.com/blog/wp-content/uploads/2021/07/32.png"
            width="450"
          />
          <div
            class="css-z0erpm"
          >
            <div
              class="css-1q8fkzn"
            >
              <p
                class="css-jprqak"
              >
                美術部
              </p>
            </div>
            <h2
              class="css-hh2gwj"
            >
              A.作品展示
            </h2>
            <p
              class="css-vaqku0-BazaarCard"
            >
              美術部員が描き溜めてきた作品たちを展示します。ぜひ見に来てね！
            </p>
            <ul
              class="css-luxo22"
            >
              <li>
                <p
                  class="css-4gn9jk"
                >
                  無料
                </p>
              </li>
            </ul>
          </div>
        </li>
      </ul>
      <a
        class="css-3os8bq-Button"
        href="/"
        role="button"
        tabindex="0"
      >
        <p
          class="css-1t0ga8k-Button"
        >
          トップページに戻る
        </p>
      </a>
    </div>
  </main>
</div>
`;
