// Vitest Snapshot v1

exports[`(components) organisms/sns-section > take snap shot 1`] = `
<div>
  <section
    aria-label="SNS"
    class="css-1648j2y"
  >
    <h1
      class="css-6if9cu"
    >
      SNS
    </h1>
    <div>
      Loading...
    </div>
  </section>
</div>
`;
