// Jest Snapshot v1, https://goo.gl/fbAQLP

exports[`(components) atoms/anchor take snap shot 1`] = `
<div>
  <a
    class="twin-1w1mmlr-AnchorText ey6ijqd0"
    href="#"
    role="link"
  >
    This is test
  </a>
</div>
`;
