// Vitest Snapshot v1

exports[`(components) molecules/pickup-card > take snap shot 1`] = `
<div>
  <li
    class="css-10pxw4f"
  >
    <h2
      class="css-1a2c2qr"
    >
      へぇ王
    </h2>
    <p
      class="css-y87pn1"
    >
      先生たちが自分の研究を紹介！4年生は卒研部を考えるいい機会に！高専生、中学生に向けた勉強イベント！
    </p>
    <div
      class="css-18lwsxv"
    >
      <p
        class="css-y87pn1"
      >
        日時: 
        10/30 (日) 11:30~
      </p>
      <p
        class="css-y87pn1"
      >
        場所: 
        メインステージ
      </p>
    </div>
  </li>
</div>
`;
