// Jest Snapshot v1, https://goo.gl/fbAQLP

exports[`(components) atoms/heading take snap shot 1`] = `
<div>
  <h1
    class="twin-f7kb4u-Heading ebaq0s80"
  >
    This is test
  </h1>
</div>
`;
